Compiling ./group62/2003-03-10@11:57:32:111/Propositie.hs
(123,25): Type error in application
 expression       : En [unwords ((... ... ...)), unwords ((drop 1 (...)))]
 function         : En
   type           : [Prop] -> Prop
 1st argument     : [unwords ((... ... ...)), unwords ((drop 1 (...)))]
   type           : [String]
   does not match : [Prop  ]

Compilation failed with 1 error
