Compiling Toets.hs
(13,10)-(13,11): Type error in application
 expression       : x rem y
 term             : x
   type           : Int                              
   does not match : (Int -> Int -> Int) -> Int -> Int
 because          : it is not a function

Compilation failed with 1 error
