Can't find module 'Pretty'
Import chain: 
	HTML imports Pretty
Search path:
	./group114/2003-03-24@11:34:35:780/
	.
	/usr/local/helium/lib

