Compiling Practicum.hs
(13,26)-(13,27): Type error in infix application
 expression       : x !! k - 1
 operator         : -
   type           : a      -> a   -> a     
   does not match : String -> Int -> String

Compilation failed with 1 error
