Compiling Practicum1.hs
(214,40)-(214,41): Type error in application
 expression       : x y
 term             : x
   type           : String     
   does not match : String -> a
 because          : it is not a function

Compilation failed with 1 error
