Compiling Prop.hs
(38,22)-(38,34): Type error in right-hand side
 expression       : varUitProp p
   type           : [String  ]
   does not match : [Bedeling]

Compilation failed with 1 error
