Maybe is up to date
Can't find module 'Pretty'
Import chain: 
	Html imports Pretty
Search path:
	./group103/2003-03-23@14:11:29:137/
	.
	/usr/local/helium/lib

