Compiling Bouke.hs
(5,34)-(5,35): Type error in infix application
 expression       : n - 1
 operator         : -
   type           : a       -> a   -> a      
   does not match : [[Int]] -> Int -> [[Int]]

Compilation failed with 1 error
