Can't find module 'Pretty'
Import chain: 
	HTML imports Pretty
Search path:
	./group86/2003-03-24@12:11:27:602/
	.
	/usr/local/helium/lib

