Compiling p42.hs
Compilation successful with 1 warning
