Compiling p58.hs
(23,26)-(23,27): Type error in overloaded function
 function         : +
   type           : Num a => a      -> a      -> a     
   used as        :          [Char] -> [Char] -> [Char]
 problem          : [Char] is not an instance of class Num
 hint             : valid instances of Num are Float and Int

Compilation failed with 1 error
