Compiling p75.hs
Compilation successful with 1 warning
