Compiling p79.hs
(10,22)-(10,23): Type error in constructor
 expression       : :
   type           : a   -> [a] -> [a]
   expected type  : [b] -> [b] -> [b]
 because          : unification would give infinite type
 probable fix     : use ++ instead

Compilation failed with 1 error
