(7,26)-(7,27): Type error in overloaded function
 function         : +
   type           : Num a => a   -> a   -> a  
   used as        :          [b] -> [b] -> [b]
 problem          : [b] is not an instance of class Num
 hint             : valid instances of Num are Float and Int

Compilation failed with 1 error
