Maybe is up to date
Can't find module 'Pretty'
Import chain: 
	HTML imports Pretty
Search path:
	./group54/2003-03-17@09:30:53:774/
	.
	/usr/local/helium/lib

