val Cons: forall a. a -> list a -> list a
val Nil: forall a. list a
val f: forall a b. list a -> list b

